
> frontend@0.0.0 build
> tsc && vite build

src/components/Dashboard/Dashboard.tsx(79,10): error TS6133: 'sectors' is declared but its value is never read.
src/components/Dashboard/ForeignFlowChart.tsx(15,3): error TS6133: 'RefreshCw' is declared but its value is never read.
src/components/layout/Layout.tsx(1,10): error TS1484: 'ReactNode' is a type and must be imported using a type-only import when 'verbatimModuleSyntax' is enabled.
src/firebase.ts(6,23): error TS2339: Property 'env' does not exist on type 'ImportMeta'.
src/firebase.ts(7,27): error TS2339: Property 'env' does not exist on type 'ImportMeta'.
src/firebase.ts(8,26): error TS2339: Property 'env' does not exist on type 'ImportMeta'.
src/firebase.ts(9,30): error TS2339: Property 'env' does not exist on type 'ImportMeta'.
src/firebase.ts(10,34): error TS2339: Property 'env' does not exist on type 'ImportMeta'.
src/firebase.ts(11,22): error TS2339: Property 'env' does not exist on type 'ImportMeta'.
src/firebase.ts(12,30): error TS2339: Property 'env' does not exist on type 'ImportMeta'.
src/main.tsx(4,8): error TS2307: Cannot find module './index.css' or its corresponding type declarations.
